2026-03-23 23:36:54.149 [main] INFO  model.Stats - Stats object created with 0 values
2026-03-23 23:36:54.194 [main] INFO  model.Stats - Stats object created with 4 values
2026-03-23 23:36:54.195 [main] INFO  model.Stats - Stats object created with 2 values
2026-03-23 23:36:54.199 [main] INFO  model.Stats - Stats object created with 1 values
2026-03-23 23:36:54.202 [main] INFO  model.Stats - Stats object created with 4 values
2026-03-23 23:36:54.202 [main] INFO  model.Stats - Stats object created with 2 values
2026-03-23 23:36:54.207 [main] INFO  model.Stats - Stats object created with 5 values
2026-03-23 23:36:54.208 [main] INFO  model.Stats - Stats object created with 2 values
2026-03-23 23:36:54.211 [main] INFO  model.Stats - Stats object created with 2 values
2026-03-23 23:36:54.212 [main] INFO  model.Stats - Stats object created with 1 values
2026-03-23 23:36:54.222 [main] INFO  model.Stats - Stats object created with 3 values
2026-03-23 23:36:59.571 [main] INFO  model.Stats - Stats object created with 5 values
2026-03-23 23:36:59.607 [main] INFO  model.Stats - Stats object created with 4 values
2026-03-23 23:36:59.622 [main] INFO  model.Stats - Stats object created with 3 values
2026-03-23 23:36:59.647 [main] INFO  model.Stats - Stats object created with 2 values
2026-03-23 23:36:59.651 [main] INFO  model.Stats - Stats object created with 0 values
2026-03-23 23:36:59.658 [main] INFO  model.Stats - Stats object created with 1 values
2026-03-23 23:36:59.662 [main] INFO  model.Stats - Stats object created with 4 values
2026-03-23 23:36:59.666 [main] INFO  model.Stats - Stats object created with 3 values
2026-03-23 23:36:59.670 [main] INFO  model.Stats - Stats object created with 2 values
2026-03-23 23:36:59.676 [main] INFO  model.Stats - Stats object created with 3 values
2026-03-23 23:36:59.680 [main] INFO  model.Stats - Stats object created with 3 values
2026-03-23 23:36:59.692 [main] INFO  model.Stats - Stats object created with 0 values
2026-03-23 23:36:59.696 [main] INFO  model.Stats - Stats object created with 1 values
2026-03-23 23:36:59.700 [main] INFO  model.Stats - Stats object created with 2 values
2026-03-23 23:36:59.704 [main] INFO  model.Stats - Stats object created with 5 values
2026-03-23 23:36:59.708 [main] INFO  model.Stats - Stats object created with 2 values
2026-03-23 23:36:59.712 [main] INFO  model.Stats - Stats object created with 3 values
2026-03-23 23:36:59.715 [main] INFO  model.Stats - Stats object created with 3 values
2026-03-23 23:36:59.726 [main] INFO  model.Stats - Stats object created with 5 values
2026-03-23 23:36:59.729 [main] INFO  model.Stats - Stats object created with 0 values
2026-03-23 23:36:59.734 [main] INFO  model.Stats - Stats object created with 2 values
2026-03-23 23:36:59.738 [main] INFO  model.Stats - Stats object created with 2 values
2026-03-23 23:36:59.743 [main] INFO  model.Stats - Stats object created with 3 values
2026-03-23 23:36:59.745 [main] INFO  model.Stats - Stats object created with 4 values
2026-03-23 23:36:59.748 [main] INFO  model.Stats - Stats object created with 1 values
2026-03-23 23:36:59.750 [main] INFO  model.Stats - Stats object created with 3 values
2026-03-23 23:36:59.758 [main] INFO  model.Stats - Stats object created with 3 values
2026-03-23 23:36:59.759 [main] DEBUG model.Stats - Computed min: 0.0
2026-03-23 23:36:59.763 [main] INFO  model.Stats - Stats object created with 4 values
2026-03-23 23:36:59.764 [main] DEBUG model.Stats - Computed min: 2.0
2026-03-23 23:36:59.768 [main] INFO  model.Stats - Stats object created with 0 values
2026-03-23 23:36:59.769 [main] WARN  model.Stats - min() called on empty array
2026-03-23 23:36:59.772 [main] INFO  model.Stats - Stats object created with 4 values
2026-03-23 23:36:59.772 [main] DEBUG model.Stats - Computed min: 1.0
2026-03-23 23:36:59.775 [main] INFO  model.Stats - Stats object created with 4 values
2026-03-23 23:36:59.776 [main] DEBUG model.Stats - Computed min: 1.0
2026-03-23 23:36:59.779 [main] INFO  model.Stats - Stats object created with 2 values
2026-03-23 23:36:59.780 [main] DEBUG model.Stats - Computed min: 3.0
2026-03-23 23:36:59.782 [main] INFO  model.Stats - Stats object created with 3 values
2026-03-23 23:36:59.782 [main] DEBUG model.Stats - Computed min: 4.0
2026-03-23 23:36:59.784 [main] INFO  model.Stats - Stats object created with 1 values
2026-03-23 23:36:59.785 [main] DEBUG model.Stats - Computed min: 7.0
2026-03-23 23:36:59.794 [main] INFO  model.Stats - Stats object created with 5 values
2026-03-23 23:36:59.815 [main] INFO  model.Stats - Stats object created with 5 values
2026-03-23 23:36:59.830 [main] INFO  model.Stats - Stats object created with 5 values
2026-03-23 23:36:59.846 [main] INFO  model.Stats - Stats object created with 5 values
2026-03-23 23:36:59.856 [main] INFO  model.Stats - Stats object created with 1 values
2026-03-23 23:36:59.860 [main] INFO  model.Stats - Stats object created with 5 values
2026-03-23 23:36:59.872 [main] INFO  model.Stats - Stats object created with 3 values
2026-03-23 23:36:59.882 [main] INFO  model.Stats - Stats object created with 0 values
2026-03-23 23:36:59.885 [main] INFO  model.Stats - Stats object created with 5 values
2026-03-23 23:36:59.897 [main] INFO  model.Stats - Stats object created with 3 values
2026-03-23 23:36:59.907 [main] INFO  model.Stats - Stats object created with 1 values
2026-03-23 23:36:59.908 [main] WARN  model.Stats - min() called on empty array
2026-03-23 23:36:59.910 [main] INFO  model.Stats - Stats object created with 3 values
2026-03-23 23:36:59.913 [main] INFO  model.Stats - Stats object created with 3 values
2026-03-23 23:36:59.914 [main] DEBUG model.Stats - Computed min: 1.0
2026-03-23 23:36:59.919 [main] INFO  model.Stats - Stats object created with 0 values
2026-03-23 23:36:59.924 [main] INFO  model.Stats - Stats object created with 1 values
2026-03-23 23:36:59.928 [main] INFO  model.Stats - Stats object created with 4 values
2026-03-23 23:36:59.928 [main] INFO  model.Stats - Stats object created with 2 values
2026-03-23 23:36:59.931 [main] INFO  model.Stats - Stats object created with 5 values
2026-03-23 23:36:59.932 [main] INFO  model.Stats - Stats object created with 2 values
2026-03-23 23:36:59.935 [main] INFO  model.Stats - Stats object created with 2 values
2026-03-23 23:36:59.935 [main] INFO  model.Stats - Stats object created with 1 values
2026-03-23 23:36:59.939 [main] INFO  model.Stats - Stats object created with 5 values
2026-03-23 23:36:59.941 [main] INFO  model.Stats - Stats object created with 2 values
2026-03-23 23:49:43.219 [main] INFO  model.Stats - Stats object created with 1 values
2026-03-23 23:49:43.261 [main] DEBUG model.Stats - Computed min: 20.0
2026-03-23 23:49:43.262 [main] DEBUG model.Stats - Computed max: 20.0
2026-03-23 23:49:43.262 [main] DEBUG model.Stats - Computed mean: 20.0
2026-03-23 23:49:43.263 [main] DEBUG model.Stats - Computed median: 20.0
2026-03-23 23:49:43.278 [main] WARN  model.Stats - outliers() called with insufficient data
